╔═══ tako · test-model ══════════════════════════════════════════════════════╗
║         ┏━━━━━━━━━━━━━━━━━━━━━━━━━━━━━━━━━━━━━━━━━━━━━━━━━━━━━━━━┓         ║
║         ┃                                                        ┃         ║
║         ┃                                                        ┃         ║
║         ┃                                                        ┃         ║
║         ┃                                                        ┃         ║
║         ┃                                                        ┃         ║
║         ┃                                                        ┃         ║
║         ┃                                                        ┃         ║
║         ┃                                                        ┃         ║
║         ┃                                                        ┃         ║
║         ┃                                                        ┃         ║
║         ┃                                                        ┃         ║
║         ┃                                                        ┃         ║
║         ┃                                                        ┃         ║
║         ┃> Hello world                                           ┃         ║
║         ┃I can help you with that.                               ┃         ║
║         ┃━━━━━━━━━━━━━━━━━━━━━━━━━━━━━━━━━━━━━━━━━━━━━━━━━━━━━━━━┃         ║
║         ┃Type a task...                                          ┃         ║
║         ┃                                                        ┃         ║
║         ┃                                                        ┃         ║
║         ┃                                                        ┃         ║
║         ┗━━━━━━━━━━━━━━━━━━━━━━━━━━━━━━━━━━━━━━━━━━━━━━━━━━━━━━━━┛         ║
╚═══ thinking · t2 · d=0.00 ═══════════════════════════════ ↑1.5k ↓200 · 3t ═╝