[?25l[?2004h╔═══ tako · test-model ══════════════════════════════════════════════════════════════════════════════════════════════╗[K
║              ┏━━━━━━━━━━━━━━━━━━━━━━━━━━━━━━━━━━━━━━━━━━━━━━━━━━━━━━━━━━━━━━━━━━━━━━━━━━━━━━━━━━━━━━┓              ║[K
║              ┃                                                                                      ┃              ║[K
║              ┃                                                                                      ┃              ║[K
║              ┃                                                                                      ┃              ║[K
║              ┃                                                                                      ┃              ║[K
║              ┃                                                                                      ┃              ║[K
║              ┃                                                                                      ┃              ║[K
║              ┃                                                                                      ┃              ║[K
║              ┃                                                                                      ┃              ║[K
║              ┃                                                                                      ┃              ║[K
║              ┃                                                                                      ┃              ║[K
║              ┃                                                                                      ┃              ║[K
║              ┃                                                                                      ┃              ║[K
║              ┃                                                                                      ┃              ║[K
║              ┃                                                                                      ┃              ║[K
║              ┃                                                                                      ┃              ║[K
║              ┃                                                                                      ┃              ║[K
║              ┃                                                                                      ┃              ║[K
║              ┃                                                                                      ┃              ║[K
║              ┃                                                                                      ┃              ║[K
║              ┃                                                                                      ┃              ║[K
║              ┃                                                                                      ┃              ║[K
║              ┃                                                                                      ┃              ║[K
║              ┃                                                                                      ┃              ║[K
║              ┃                                                                                      ┃              ║[K
║              ┃                                                                                      ┃              ║[K
║              ┃                                                                                      ┃              ║[K
║              ┃                                                                                      ┃              ║[K
║              ┃                                                                                      ┃              ║[K
║              ┃                                                                                      ┃              ║[K
║              ┃                                                                                      ┃              ║[K
║              ┃                                                                                      ┃              ║[K
║              ┃━━━━━━━━━━━━━━━━━━━━━━━━━━━━━━━━━━━━━━━━━━━━━━━━━━━━━━━━━━━━━━━━━━━━━━━━━━━━━━━━━━━━━━┃              ║[K
║              ┃Type a task...                                                                        ┃              ║[K
║              ┃                                                                                      ┃              ║[K
║              ┃                                                                                      ┃              ║[K
║              ┃                                                                                      ┃              ║[K
║              ┗━━━━━━━━━━━━━━━━━━━━━━━━━━━━━━━━━━━━━━━━━━━━━━━━━━━━━━━━━━━━━━━━━━━━━━━━━━━━━━━━━━━━━━┛              ║[K
╚═══ idle · t0 · d=0.00 ════════════════════════════════════════════════════════════════════════════════ ↑0 ↓0 · 0t ═╝[K[2K[?2004l[?25h[?1002l[?1003l[?1006l