[?25l[?2004h]2;tako╔═══ tako · test-model ══════════════════════════════════════════════════════╗[K
║         ┏━━━━━━━━━━━━━━━━━━━━━━━━━━━━━━━━━━━━━━━━━━━━━━━━━━━━━━━━┓         ║[K
║         ┃                                                        ┃         ║[K
║         ┃                                                        ┃         ║[K
║         ┃                                                        ┃         ║[K
║         ┃                                                        ┃         ║[K
║         ┃                                                        ┃         ║[K
║         ┃                                                        ┃         ║[K
║         ┃                                                        ┃         ║[K
║         ┃                                                        ┃         ║[K
║         ┃                                                        ┃         ║[K
║         ┃                                                        ┃         ║[K
║         ┃                                                        ┃         ║[K
║         ┃                                                        ┃         ║[K
║         ┃> Hello world                                           ┃         ║[K
║         ┃I can help you with that.                               ┃         ║[K
║         ┃thinking                                                ┃         ║[K
║         ┃━━━━━━━━━━━━━━━━━━━━━━━━━━━━━━━━━━━━━━━━━━━━━━━━━━━━━━━━┃         ║[K
║         ┃Type a task...                                          ┃         ║[K
║         ┃                                                        ┃         ║[K
║         ┃                                                        ┃         ║[K
║         ┃                                                        ┃         ║[K
║         ┗━━━━━━━━━━━━━━━━━━━━━━━━━━━━━━━━━━━━━━━━━━━━━━━━━━━━━━━━┛         ║[K
╚═══ thinking · t2 · d=0.00 ═══════════════════════════════ ↑1.5k ↓200 · 3t ═╝[K[2K[?2004l[?25h[?1002l[?1003l[?1006l